../Core/Src/main.c:77:1:__io_putchar	16	static
../Core/Src/main.c:86:6:HAL_GPIO_EXTI_Callback	16	static
../Core/Src/main.c:99:5:main	8	static
../Core/Src/main.c:169:6:SystemClock_Config	88	static
../Core/Src/main.c:216:13:MX_I2C1_Init	8	static
../Core/Src/main.c:250:13:MX_USART2_UART_Init	8	static
../Core/Src/main.c:283:13:MX_GPIO_Init	48	static
../Core/Src/main.c:356:6:get_data_by_interrupt	24	static,ignoring_inline_asm
../Core/Src/main.c:387:6:get_data_by_polling	24	static
../Core/Src/main.c:429:6:Error_Handler	4	static,ignoring_inline_asm
